// Jest Snapshot v1, https://goo.gl/fbAQLP

exports[`StatusBadge Component should match snapshot 1`] = `
<View
  style={
    [
      {
        "alignSelf": "flex-start",
        "borderRadius": 16,
        "paddingHorizontal": 8,
        "paddingVertical": 4,
      },
      {
        "backgroundColor": "#2563EB15",
      },
    ]
  }
>
  <Text
    style={
      [
        {
          "fontSize": 12,
          "fontWeight": "500",
        },
        {
          "color": "#2563EB",
        },
      ]
    }
  >
    Disponible
  </Text>
</View>
`;
